
<!--
  Basic template for an HTML report built from named sections.
  Expects context to have 'content' property with the list of sections.
-->
<!DOCTYPE html>
<html lang="en">
<head>
    <title>Test</title>
    
    <!-- bootstrap -->
    <link rel="stylesheet" href="https://maxcdn.bootstrapcdn.com/bootstrap/4.0.0/css/bootstrap.min.css" crossorigin="anonymous">
    <!-- NOTE: bootstrap JS depends on jQuery -->
    <script src="http://code.jquery.com/jquery-3.3.1.min.js" integrity="sha256-FgpCb/KJQlLNfOu91ta32o/NMZxltwRo8QtmkMRdAu8=" crossorigin="anonymous"></script>
    <script src="https://maxcdn.bootstrapcdn.com/bootstrap/4.0.0/js/bootstrap.min.js" crossorigin="anonymous"></script>

    

<script type="text/javascript" src="https://cdn.pydata.org/bokeh/release/bokeh-1.3.4.min.js"></script>
<script type="text/javascript" src="https://cdn.pydata.org/bokeh/release/bokeh-widgets-1.3.4.min.js"></script>
<script type="text/javascript" src="https://cdn.pydata.org/bokeh/release/bokeh-tables-1.3.4.min.js"></script>
<script type="text/javascript" src="https://cdn.pydata.org/bokeh/release/bokeh-gl-1.3.4.min.js"></script>
<script type="text/javascript">
    Bokeh.set_log_level("info");
</script>

    <!-- style overrides and customization -->
    <style>
        /*
  Override bootstrap's 100% width
*/
.table {
    width: initial;
}

/*
  Content offset for table of contents
*/
.content {
    margin-left: 210px;
}

/*
 Content group styling
*/
.content-group {
    display:flex;
    flex-direction:row;
    align-items:center;
}

.content-group >  div {
   margin: 10px
}

/* Default table styling */
.table thead th {
    text-align: center;
}


/* Plotly SVG styling */
text.gtitle {
    alignment-baseline: middle;  /* plotly seems to render titles with assumption of middle style but doesn't explicitly specify this */
}

/* End */
        /*
    Table of contents styling.
    TODO: see this link for an example of styling with collapsible lists: https://bootstrapious.com/p/bootstrap-sidebar
*/

/* top-level style of the nav element */
.toc {
    position: fixed;
    width: 200px;
    height: 100vh;
    color: #fff;
    background: #6d7fcc;
    overflow-y: auto;
    z-index: 1;
}

/* general link styling */
.toc a {
    color: #fff;
    cursor: pointer;
    text-decoration: none;
    position: relative;
}

.toc a:hover {
    background: #008000;
}

/* adding a symbol on the right side for collapse links */
.toc a[data-toggle="collapse"]::before {
    content: '\025BF';
    display: block;
    position: absolute;
    right: 20px;
    font-family: 'Glyphicons Halflings';
}

/* sub-menu styling */
.toc ul, .toc {
    padding-left: 10px;
    list-style-type: none;
}

.toc ul.collapse.in, .toc li, .toc {
    display: flex;
    flex-direction: column;
}
    </style>

</head>
<body>
    
    <nav class="toc">
        <a href="#">Home</a>
        <ul class="" id="toc">
        
    </ul>
    </nav>

    <div class="content">
      
        
<div id="_tag_69062048232">
    
    <style  type="text/css" >
    #T_900fbe12_ca2a_11e9_a430_005056be0703 .row_heading {
          display: none;
    }    #T_900fbe12_ca2a_11e9_a430_005056be0703 .index_name {
          display: none;
    }    #T_900fbe12_ca2a_11e9_a430_005056be0703 .blank.level1 {
          display: none;
    }    #T_900fbe12_ca2a_11e9_a430_005056be0703 .blank.level0 {
          display: none;
    }    #T_900fbe12_ca2a_11e9_a430_005056be0703row0_col1 {
            background:  yellow;
        }    #T_900fbe12_ca2a_11e9_a430_005056be0703row1_col1 {
            background:  yellow;
        }</style><table id="T_900fbe12_ca2a_11e9_a430_005056be0703" class="table table-striped table-bordered table-hover table-sm"><thead>    <tr>        <th class="blank level0" ></th>        <th class="col_heading level0 col0" >a</th>        <th class="col_heading level0 col1" >b</th>        <th class="col_heading level0 col2" >c</th>    </tr></thead><tbody>
                <tr>
                        <th id="T_900fbe12_ca2a_11e9_a430_005056be0703level0_row0" class="row_heading level0 row0" >0</th>
                        <td id="T_900fbe12_ca2a_11e9_a430_005056be0703row0_col0" class="data row0 col0" >testme 1.00</td>
                        <td id="T_900fbe12_ca2a_11e9_a430_005056be0703row0_col1" class="data row0 col1" ><a href="https://www.cnn.com">testme 2.00</a></td>
                        <td id="T_900fbe12_ca2a_11e9_a430_005056be0703row0_col2" class="data row0 col2" >testme 3.00</td>
            </tr>
            <tr>
                        <th id="T_900fbe12_ca2a_11e9_a430_005056be0703level0_row1" class="row_heading level0 row1" >1</th>
                        <td id="T_900fbe12_ca2a_11e9_a430_005056be0703row1_col0" class="data row1 col0" >testme 4.00</td>
                        <td id="T_900fbe12_ca2a_11e9_a430_005056be0703row1_col1" class="data row1 col1" ><a href="https://www.cnn.com">testme 5.00</a></td>
                        <td id="T_900fbe12_ca2a_11e9_a430_005056be0703row1_col2" class="data row1 col2" >testme 6.00</td>
            </tr>
    </tbody></table>
</div>
      
    </div>

</body>
</html>